[INFO] Scanning for projects...
[INFO] 
[INFO] ------------------------< com.projectquiz:demo >------------------------
[INFO] Building projectquiz 0.0.1-SNAPSHOT
[INFO]   from pom.xml
[INFO] --------------------------------[ jar ]---------------------------------
[INFO] 
[INFO] >>> spring-boot:3.2.2:run (default-cli) > test-compile @ demo >>>
[INFO] 
[INFO] --- resources:3.3.1:resources (default-resources) @ demo ---
[INFO] Copying 1 resource from src/main/resources to target/classes
[INFO] Copying 1 resource from src/main/resources to target/classes
[INFO] 
[INFO] --- compiler:3.11.0:compile (default-compile) @ demo ---
[INFO] Changes detected - recompiling the module! :source
[INFO] Compiling 52 source files with javac [debug release 17] to target/classes
[INFO] 
[INFO] --- resources:3.3.1:testResources (default-testResources) @ demo ---
[INFO] skip non existing resourceDirectory /home/user/Desktop/MY_PROJECTS/projectdemo/demo/src/test/resources
[INFO] 
[INFO] --- compiler:3.11.0:testCompile (default-testCompile) @ demo ---
[INFO] Changes detected - recompiling the module! :dependency
[INFO] 
[INFO] <<< spring-boot:3.2.2:run (default-cli) < test-compile @ demo <<<
[INFO] 
[INFO] 
[INFO] --- spring-boot:3.2.2:run (default-cli) @ demo ---
[INFO] Attaching agents: []

  .   ____          _            __ _ _
 /\\ / ___'_ __ _ _(_)_ __  __ _ \ \ \ \
( ( )\___ | '_ | '_| | '_ \/ _` | \ \ \ \
 \\/  ___)| |_)| | | | | || (_| |  ) ) ) )
  '  |____| .__|_| |_|_| |_\__, | / / / /
 =========|_|==============|___/=/_/_/_/
 :: Spring Boot ::                (v3.2.2)

2026-08-10T19:19:10.368+05:30  INFO 49427 --- [projectquiz] [           main] c.p.demo.ProjectquizApplication          : Starting ProjectquizApplication using Java 17.0.18 with PID 49427 (/home/user/Desktop/MY_PROJECTS/projectdemo/demo/target/classes started by user in /home/user/Desktop/MY_PROJECTS/projectdemo/demo)
2026-08-10T19:19:10.370+05:30  INFO 49427 --- [projectquiz] [           main] c.p.demo.ProjectquizApplication          : No active profile set, falling back to 1 default profile: "default"
2026-08-10T19:19:10.881+05:30  INFO 49427 --- [projectquiz] [           main] .s.d.r.c.RepositoryConfigurationDelegate : Multiple Spring Data modules found, entering strict repository configuration mode
2026-08-10T19:19:10.882+05:30  INFO 49427 --- [projectquiz] [           main] .s.d.r.c.RepositoryConfigurationDelegate : Bootstrapping Spring Data MongoDB repositories in DEFAULT mode.
2026-08-10T19:19:10.971+05:30  INFO 49427 --- [projectquiz] [           main] .s.d.r.c.RepositoryConfigurationDelegate : Finished Spring Data repository scanning in 87 ms. Found 6 MongoDB repository interfaces.
2026-08-10T19:19:10.983+05:30  INFO 49427 --- [projectquiz] [           main] .s.d.r.c.RepositoryConfigurationDelegate : Multiple Spring Data modules found, entering strict repository configuration mode
2026-08-10T19:19:10.984+05:30  INFO 49427 --- [projectquiz] [           main] .s.d.r.c.RepositoryConfigurationDelegate : Bootstrapping Spring Data Redis repositories in DEFAULT mode.
2026-08-10T19:19:10.997+05:30  INFO 49427 --- [projectquiz] [           main] .RepositoryConfigurationExtensionSupport : Spring Data Redis - Could not safely identify store assignment for repository candidate interface com.projectquiz.demo.repositories.ContestAttemptRepository; If you want this repository to be a Redis repository, consider annotating your entities with one of these annotations: org.springframework.data.redis.core.RedisHash (preferred), or consider extending one of the following types with your repository: org.springframework.data.keyvalue.repository.KeyValueRepository
2026-08-10T19:19:10.998+05:30  INFO 49427 --- [projectquiz] [           main] .RepositoryConfigurationExtensionSupport : Spring Data Redis - Could not safely identify store assignment for repository candidate interface com.projectquiz.demo.repositories.ContestRepository; If you want this repository to be a Redis repository, consider annotating your entities with one of these annotations: org.springframework.data.redis.core.RedisHash (preferred), or consider extending one of the following types with your repository: org.springframework.data.keyvalue.repository.KeyValueRepository
2026-08-10T19:19:10.998+05:30  INFO 49427 --- [projectquiz] [           main] .RepositoryConfigurationExtensionSupport : Spring Data Redis - Could not safely identify store assignment for repository candidate interface com.projectquiz.demo.repositories.QuestionRepository; If you want this repository to be a Redis repository, consider annotating your entities with one of these annotations: org.springframework.data.redis.core.RedisHash (preferred), or consider extending one of the following types with your repository: org.springframework.data.keyvalue.repository.KeyValueRepository
2026-08-10T19:19:10.998+05:30  INFO 49427 --- [projectquiz] [           main] .RepositoryConfigurationExtensionSupport : Spring Data Redis - Could not safely identify store assignment for repository candidate interface com.projectquiz.demo.repositories.QuizAttemptRepository; If you want this repository to be a Redis repository, consider annotating your entities with one of these annotations: org.springframework.data.redis.core.RedisHash (preferred), or consider extending one of the following types with your repository: org.springframework.data.keyvalue.repository.KeyValueRepository
2026-08-10T19:19:10.998+05:30  INFO 49427 --- [projectquiz] [           main] .RepositoryConfigurationExtensionSupport : Spring Data Redis - Could not safely identify store assignment for repository candidate interface com.projectquiz.demo.repositories.UserPerformanceStatsRepository; If you want this repository to be a Redis repository, consider annotating your entities with one of these annotations: org.springframework.data.redis.core.RedisHash (preferred), or consider extending one of the following types with your repository: org.springframework.data.keyvalue.repository.KeyValueRepository
2026-08-10T19:19:10.998+05:30  INFO 49427 --- [projectquiz] [           main] .RepositoryConfigurationExtensionSupport : Spring Data Redis - Could not safely identify store assignment for repository candidate interface com.projectquiz.demo.repositories.UserRepository; If you want this repository to be a Redis repository, consider annotating your entities with one of these annotations: org.springframework.data.redis.core.RedisHash (preferred), or consider extending one of the following types with your repository: org.springframework.data.keyvalue.repository.KeyValueRepository
2026-08-10T19:19:10.999+05:30  INFO 49427 --- [projectquiz] [           main] .s.d.r.c.RepositoryConfigurationDelegate : Finished Spring Data repository scanning in 9 ms. Found 0 Redis repository interfaces.
2026-08-10T19:19:11.371+05:30  INFO 49427 --- [projectquiz] [           main] o.s.b.w.embedded.tomcat.TomcatWebServer  : Tomcat initialized with port 8200 (http)
2026-08-10T19:19:11.384+05:30  INFO 49427 --- [projectquiz] [           main] o.apache.catalina.core.StandardService   : Starting service [Tomcat]
2026-08-10T19:19:11.384+05:30  INFO 49427 --- [projectquiz] [           main] o.apache.catalina.core.StandardEngine    : Starting Servlet engine: [Apache Tomcat/10.1.18]
2026-08-10T19:19:11.419+05:30  INFO 49427 --- [projectquiz] [           main] o.a.c.c.C.[Tomcat].[localhost].[/]       : Initializing Spring embedded WebApplicationContext
2026-08-10T19:19:11.420+05:30  INFO 49427 --- [projectquiz] [           main] w.s.c.ServletWebServerApplicationContext : Root WebApplicationContext: initialization completed in 1008 ms
2026-08-10T19:19:11.552+05:30  INFO 49427 --- [projectquiz] [           main] org.mongodb.driver.client                : MongoClient with metadata {"driver": {"name": "mongo-java-driver|sync|spring-boot", "version": "4.11.1"}, "os": {"type": "Linux", "name": "Linux", "architecture": "amd64", "version": "6.8.0-107-generic"}, "platform": "Java/Ubuntu/17.0.18+8-Ubuntu-124.04.1"} created with settings MongoClientSettings{readPreference=primary, writeConcern=WriteConcern{w=null, wTimeout=null ms, journal=null}, retryWrites=true, retryReads=true, readConcern=ReadConcern{level=null}, credential=null, transportSettings=null, streamFactoryFactory=null, commandListeners=[], codecRegistry=ProvidersCodecRegistry{codecProviders=[ValueCodecProvider{}, BsonValueCodecProvider{}, DBRefCodecProvider{}, DBObjectCodecProvider{}, DocumentCodecProvider{}, CollectionCodecProvider{}, IterableCodecProvider{}, MapCodecProvider{}, GeoJsonCodecProvider{}, GridFSFileCodecProvider{}, Jsr310CodecProvider{}, JsonObjectCodecProvider{}, BsonCodecProvider{}, EnumCodecProvider{}, com.mongodb.client.model.mql.ExpressionCodecProvider@93501be, com.mongodb.Jep395RecordCodecProvider@11d4d979, com.mongodb.KotlinCodecProvider@195580ba]}, loggerSettings=LoggerSettings{maxDocumentLength=1000}, clusterSettings={hosts=[localhost:27017], srvServiceName=mongodb, mode=SINGLE, requiredClusterType=UNKNOWN, requiredReplicaSetName='null', serverSelector='null', clusterListeners='[]', serverSelectionTimeout='30000 ms', localThreshold='15 ms'}, socketSettings=SocketSettings{connectTimeoutMS=10000, readTimeoutMS=0, receiveBufferSize=0, proxySettings=ProxySettings{host=null, port=null, username=null, password=null}}, heartbeatSocketSettings=SocketSettings{connectTimeoutMS=10000, readTimeoutMS=10000, receiveBufferSize=0, proxySettings=ProxySettings{host=null, port=null, username=null, password=null}}, connectionPoolSettings=ConnectionPoolSettings{maxSize=100, minSize=0, maxWaitTimeMS=120000, maxConnectionLifeTimeMS=0, maxConnectionIdleTimeMS=0, maintenanceInitialDelayMS=0, maintenanceFrequencyMS=60000, connectionPoolListeners=[], maxConnecting=2}, serverSettings=ServerSettings{heartbeatFrequencyMS=10000, minHeartbeatFrequencyMS=500, serverListeners='[]', serverMonitorListeners='[]'}, sslSettings=SslSettings{enabled=false, invalidHostNameAllowed=false, context=null}, applicationName='null', compressorList=[], uuidRepresentation=JAVA_LEGACY, serverApi=null, autoEncryptionSettings=null, dnsClient=null, inetAddressResolver=null, contextProvider=null}
2026-08-10T19:19:11.566+05:30  INFO 49427 --- [projectquiz] [localhost:27017] org.mongodb.driver.cluster               : Monitor thread successfully connected to server with description ServerDescription{address=localhost:27017, type=STANDALONE, state=CONNECTED, ok=true, minWireVersion=0, maxWireVersion=21, maxDocumentSize=16777216, logicalSessionTimeoutMinutes=30, roundTripTimeNanos=13611556}
2026-08-10T19:19:12.515+05:30  INFO 49427 --- [projectquiz] [           main] o.s.s.web.DefaultSecurityFilterChain     : Will secure any request with [org.springframework.security.web.session.DisableEncodeUrlFilter@6807989e, org.springframework.security.web.context.request.async.WebAsyncManagerIntegrationFilter@c2e33, org.springframework.security.web.context.SecurityContextHolderFilter@289a4b90, org.springframework.security.web.header.HeaderWriterFilter@60e67c06, org.springframework.web.filter.CorsFilter@31183ee2, org.springframework.security.web.csrf.CsrfFilter@783dc0e7, org.springframework.security.web.authentication.logout.LogoutFilter@bc52a41, org.springframework.security.oauth2.client.web.OAuth2AuthorizationRequestRedirectFilter@6f9a3325, org.springframework.security.oauth2.client.web.OAuth2LoginAuthenticationFilter@454e9d65, com.projectquiz.demo.security.CsrfCookieFilter@63f3366a, org.springframework.security.web.authentication.ui.DefaultLoginPageGeneratingFilter@53d87b2d, org.springframework.security.web.authentication.ui.DefaultLogoutPageGeneratingFilter@37e491e2, org.springframework.security.web.session.ConcurrentSessionFilter@b267745, org.springframework.security.web.savedrequest.RequestCacheAwareFilter@4746fb8c, org.springframework.security.web.servletapi.SecurityContextHolderAwareRequestFilter@3be46d9c, org.springframework.security.web.authentication.AnonymousAuthenticationFilter@56f84c9b, org.springframework.security.web.session.SessionManagementFilter@410f53b2, org.springframework.security.web.access.ExceptionTranslationFilter@6d80e411, org.springframework.security.web.access.intercept.AuthorizationFilter@18d22ecf]
2026-08-10T19:19:12.758+05:30  INFO 49427 --- [projectquiz] [           main] o.s.b.w.embedded.tomcat.TomcatWebServer  : Tomcat started on port 8200 (http) with context path ''
2026-08-10T19:19:12.764+05:30  INFO 49427 --- [projectquiz] [           main] c.p.demo.ProjectquizApplication          : Started ProjectquizApplication in 2.635 seconds (process running for 2.853)
2026-08-10T19:19:30.735+05:30  INFO 49427 --- [projectquiz] [nio-8200-exec-1] o.a.c.c.C.[Tomcat].[localhost].[/]       : Initializing Spring DispatcherServlet 'dispatcherServlet'
2026-08-10T19:19:30.735+05:30  INFO 49427 --- [projectquiz] [nio-8200-exec-1] o.s.web.servlet.DispatcherServlet        : Initializing Servlet 'dispatcherServlet'
2026-08-10T19:19:30.736+05:30  INFO 49427 --- [projectquiz] [nio-8200-exec-1] o.s.web.servlet.DispatcherServlet        : Completed initialization in 1 ms
2026-08-10T19:19:30.760+05:30  INFO 49427 --- [projectquiz] [nio-8200-exec-3] o.apache.tomcat.util.http.parser.Cookie  : A cookie header was received [g_state={"i_l":0,"i_ll":1783864241969,"i_e":{"enable_itp_optimization":24},"i_et":1783864241969,"i_b":"ZUs5+ftgVREVzQJgcEzRvM2eR+QOjC9BU/nCNLPQBnI"};] that contained an invalid cookie. That cookie will be ignored.
 Note: further occurrences of this error will be logged at DEBUG level.
Email sent to shiva@gmail.com
Email sent to shiva@gmail.com
[INFO] ------------------------------------------------------------------------
[INFO] BUILD FAILURE
[INFO] ------------------------------------------------------------------------
[INFO] Total time:  11:45 min
[INFO] Finished at: 2026-08-10T19:30:51+05:30
[INFO] ------------------------------------------------------------------------
[ERROR] Failed to execute goal org.springframework.boot:spring-boot-maven-plugin:3.2.2:run (default-cli) on project demo: Process terminated with exit code: 137 -> [Help 1]
[ERROR] 
[ERROR] To see the full stack trace of the errors, re-run Maven with the -e switch.
[ERROR] Re-run Maven using the -X switch to enable full debug logging.
[ERROR] 
[ERROR] For more information about the errors and possible solutions, please read the following articles:
[ERROR] [Help 1] http://cwiki.apache.org/confluence/display/MAVEN/MojoExecutionException
